   ********************************************
   ***                                      ***
   ***             FoldX 5.1 (c)            ***
   ***                                      ***
   ***     code by the FoldX Consortium     ***
   ***                                      ***
   ***     Jesper Borg, Frederic Rousseau   ***
   ***    Joost Schymkowitz, Luis Serrano   ***
   ***    Peter Vanhee, Erik Verschueren    ***
   ***     Lies Baeten, Javier Delgado      ***
   ***       and Francois Stricher          ***
   *** and any other of the 9! permutations ***
   ***   based on an original concept by    ***
   ***   Raphael Guerois and Luis Serrano   ***
   ********************************************

 *** THIS IS AN IMPORTANT MESSAGE: 
 >> External parametrized molecules were detected...
 >> Final energetic values will depend of the correct parametrization of this molecules. 


1 models read: 3PZT_Repair.pdb
1 models read: 3PZT_Repair.pdb

BackHbond       =               -460.72
SideHbond       =               -262.71
Energy_VdW      =               -751.86
Electro         =               -47.77
Energy_SolvP    =               1049.03
Energy_SolvH    =               -978.98
Energy_vdwclash =               22.95
energy_torsion  =               24.54
backbone_vdwclash=              411.96
Entropy_sidec   =               371.25
Entropy_mainc   =               940.89
water bonds     =               0.00
helix dipole    =               -0.79
loop_entropy    =               0.00
cis_bond        =               3.78
disulfide       =               0.00
kn electrostatic=               -0.51
partial covalent interactions = -11.61
Energy_Ionisation =             3.09
Entropy Complex =               0.00
-----------------------------------------------------------
Total          = 				  -99.42


BackHbond       =               -460.72
SideHbond       =               -262.71
Energy_VdW      =               -751.86
Electro         =               -47.77
Energy_SolvP    =               1049.03
Energy_SolvH    =               -978.98
Energy_vdwclash =               22.95
energy_torsion  =               24.54
backbone_vdwclash=              411.96
Entropy_sidec   =               371.25
Entropy_mainc   =               940.89
water bonds     =               0.00
helix dipole    =               -0.79
loop_entropy    =               0.00
cis_bond        =               3.78
disulfide       =               0.00
kn electrostatic=               -0.51
partial covalent interactions = -11.61
Energy_Ionisation =             3.09
Entropy Complex =               0.00
-----------------------------------------------------------
Total          = 				  -99.42

Starting BuildModel
Reading NB110E,NB244K;
Reading NB110E,AB222K;
Reading NB110E,NB244K,AB222K;
Reading NB110E,NB244K,AB222K,SB248E;
Residue to Mutate ASNB110 has residue index 367
Residue to Mutate ASNB244 has residue index 501
Residue to Mutate ASNB110 has residue index 367
Residue to Mutate ALAB222 has residue index 479
Residue to Mutate ASNB110 has residue index 367
Residue to Mutate ASNB244 has residue index 501
Residue to Mutate ALAB222 has residue index 479
Residue to Mutate ASNB110 has residue index 367
Residue to Mutate ASNB244 has residue index 501
Residue to Mutate ALAB222 has residue index 479
Residue to Mutate SERB248 has residue index 505
Mutating residue = ASNB110 into GLU
Mutating residue = ASNB244 into LYS
Mutating residue = ASNB110 into GLU
Mutating residue = ASNB244 into LYS
Mutating residue = ASNB110 into GLU
Mutating residue = ASNB244 into LYS
Mutating residue = ASNB110 into GLU
Mutating residue = ASNB244 into LYS
Mutating residue = ASNB110 into GLU
Mutating residue = ASNB244 into LYS
Mutating residue = ASNB110 into GLU
Mutating residue = ALAB222 into LYS
Mutating residue = ASNB110 into GLU
Mutating residue = ALAB222 into LYS
Mutating residue = ASNB110 into GLU
Mutating residue = ALAB222 into LYS
Mutating residue = ASNB110 into GLU
Mutating residue = ALAB222 into LYS
Mutating residue = ASNB110 into GLU
Mutating residue = ALAB222 into LYS
Mutating residue = ASNB110 into GLU
Mutating residue = ASNB244 into LYS
Mutating residue = ALAB222 into LYS
Mutating residue = ASNB110 into GLU
Mutating residue = ASNB244 into LYS
Mutating residue = ALAB222 into LYS
Mutating residue = ASNB110 into GLU
Mutating residue = ASNB244 into LYS
Mutating residue = ALAB222 into LYS
Mutating residue = ASNB110 into GLU
Mutating residue = ASNB244 into LYS
Mutating residue = ALAB222 into LYS
Mutating residue = ASNB110 into GLU
Mutating residue = ASNB244 into LYS
Mutating residue = ALAB222 into LYS
Mutating residue = ASNB110 into GLU
Mutating residue = ASNB244 into LYS
Mutating residue = ALAB222 into LYS
Mutating residue = SERB248 into GLU
Mutating residue = ASNB110 into GLU
Mutating residue = ASNB244 into LYS
Mutating residue = ALAB222 into LYS
Mutating residue = SERB248 into GLU
Mutating residue = ASNB110 into GLU
Mutating residue = ASNB244 into LYS
Mutating residue = ALAB222 into LYS
Mutating residue = SERB248 into GLU
Mutating residue = ASNB110 into GLU
Mutating residue = ASNB244 into LYS
Mutating residue = ALAB222 into LYS
Mutating residue = SERB248 into GLU
Mutating residue = ASNB110 into GLU
Mutating residue = ASNB244 into LYS
Mutating residue = ALAB222 into LYS
Mutating residue = SERB248 into GLU
Your file run OK
End time of FoldX: Fri Jul 10 18:15:28 2026
Total time spend: 198.69 seconds.
validated file "3PZT_Repair_1_0.pdb" => successfully finished
validated file "3PZT_Repair_1_1.pdb" => successfully finished
validated file "3PZT_Repair_1_2.pdb" => successfully finished
validated file "3PZT_Repair_1_3.pdb" => successfully finished
validated file "3PZT_Repair_1_4.pdb" => successfully finished
validated file "3PZT_Repair_2_0.pdb" => successfully finished
validated file "3PZT_Repair_2_1.pdb" => successfully finished
validated file "3PZT_Repair_2_2.pdb" => successfully finished
validated file "3PZT_Repair_2_3.pdb" => successfully finished
validated file "3PZT_Repair_2_4.pdb" => successfully finished
validated file "3PZT_Repair_3_0.pdb" => successfully finished
validated file "3PZT_Repair_3_1.pdb" => successfully finished
validated file "3PZT_Repair_3_2.pdb" => successfully finished
validated file "3PZT_Repair_3_3.pdb" => successfully finished
validated file "3PZT_Repair_3_4.pdb" => successfully finished
validated file "3PZT_Repair_4_0.pdb" => successfully finished
validated file "3PZT_Repair_4_1.pdb" => successfully finished
validated file "3PZT_Repair_4_2.pdb" => successfully finished
validated file "3PZT_Repair_4_3.pdb" => successfully finished
validated file "3PZT_Repair_4_4.pdb" => successfully finished
Cleaning BuildModel...DONE
