   ********************************************
   ***                                      ***
   ***             FoldX 5.1 (c)            ***
   ***                                      ***
   ***     code by the FoldX Consortium     ***
   ***                                      ***
   ***     Jesper Borg, Frederic Rousseau   ***
   ***    Joost Schymkowitz, Luis Serrano   ***
   ***    Peter Vanhee, Erik Verschueren    ***
   ***     Lies Baeten, Javier Delgado      ***
   ***       and Francois Stricher          ***
   *** and any other of the 9! permutations ***
   ***   based on an original concept by    ***
   ***   Raphael Guerois and Luis Serrano   ***
   ********************************************

 *** THIS IS AN IMPORTANT MESSAGE: 
 >> External parametrized molecules were detected...
 >> Final energetic values will depend of the correct parametrization of this molecules. 


1 models read: 3PZT_Repair.pdb
1 models read: 3PZT_Repair.pdb

BackHbond       =               -460.72
SideHbond       =               -262.71
Energy_VdW      =               -751.86
Electro         =               -47.77
Energy_SolvP    =               1049.03
Energy_SolvH    =               -978.98
Energy_vdwclash =               22.95
energy_torsion  =               24.54
backbone_vdwclash=              411.96
Entropy_sidec   =               371.25
Entropy_mainc   =               940.89
water bonds     =               0.00
helix dipole    =               -0.79
loop_entropy    =               0.00
cis_bond        =               3.78
disulfide       =               0.00
kn electrostatic=               -0.51
partial covalent interactions = -11.61
Energy_Ionisation =             3.09
Entropy Complex =               0.00
-----------------------------------------------------------
Total          = 				  -99.42


BackHbond       =               -460.72
SideHbond       =               -262.71
Energy_VdW      =               -751.86
Electro         =               -47.77
Energy_SolvP    =               1049.03
Energy_SolvH    =               -978.98
Energy_vdwclash =               22.95
energy_torsion  =               24.54
backbone_vdwclash=              411.96
Entropy_sidec   =               371.25
Entropy_mainc   =               940.89
water bonds     =               0.00
helix dipole    =               -0.79
loop_entropy    =               0.00
cis_bond        =               3.78
disulfide       =               0.00
kn electrostatic=               -0.51
partial covalent interactions = -11.61
Energy_Ionisation =             3.09
Entropy Complex =               0.00
-----------------------------------------------------------
Total          = 				  -99.42

Starting BuildModel
Reading QB58K;
Reading NB158K;
Reading AB37D;
Reading GB46R;
Reading QB41E;
Reading IB103D;
Reading TB89K;
Reading GB172R;
Reading NB139D;
Residue to Mutate GLNB58 has residue index 315
Residue to Mutate ASNB158 has residue index 415
Residue to Mutate ALAB37 has residue index 294
Residue to Mutate GLYB46 has residue index 303
Residue to Mutate GLNB41 has residue index 298
Residue to Mutate ILEB103 has residue index 360
Residue to Mutate THRB89 has residue index 346
Residue to Mutate GLYB172 has residue index 429
Residue to Mutate ASNB139 has residue index 396
Mutating residue = GLNB58 into LYS
Mutating residue = GLNB58 into LYS
Mutating residue = GLNB58 into LYS
Mutating residue = GLNB58 into LYS
Mutating residue = GLNB58 into LYS
Mutating residue = ASNB158 into LYS
Mutating residue = ASNB158 into LYS
Mutating residue = ASNB158 into LYS
Mutating residue = ASNB158 into LYS
Mutating residue = ASNB158 into LYS
Mutating residue = ALAB37 into ASP
Mutating residue = ALAB37 into ASP
Mutating residue = ALAB37 into ASP
Mutating residue = ALAB37 into ASP
Mutating residue = ALAB37 into ASP
Mutating residue = GLYB46 into ARG
Mutating residue = GLYB46 into ARG
Mutating residue = GLYB46 into ARG
Mutating residue = GLYB46 into ARG
Mutating residue = GLYB46 into ARG
Mutating residue = GLNB41 into GLU
Mutating residue = GLNB41 into GLU
Mutating residue = GLNB41 into GLU
Mutating residue = GLNB41 into GLU
Mutating residue = GLNB41 into GLU
Mutating residue = ILEB103 into ASP
Mutating residue = ILEB103 into ASP
Mutating residue = ILEB103 into ASP
Mutating residue = ILEB103 into ASP
Mutating residue = ILEB103 into ASP
Mutating residue = THRB89 into LYS
Mutating residue = THRB89 into LYS
Mutating residue = THRB89 into LYS
Mutating residue = THRB89 into LYS
Mutating residue = THRB89 into LYS
Mutating residue = GLYB172 into ARG
Mutating residue = GLYB172 into ARG
Mutating residue = GLYB172 into ARG
Mutating residue = GLYB172 into ARG
Mutating residue = GLYB172 into ARG
Mutating residue = ASNB139 into ASP
Mutating residue = ASNB139 into ASP
Mutating residue = ASNB139 into ASP
Mutating residue = ASNB139 into ASP
Mutating residue = ASNB139 into ASP
Your file run OK
End time of FoldX: Thu Jul  9 23:17:06 2026
Total time spend: 115.51 seconds.
validated file "3PZT_Repair_1_0.pdb" => successfully finished
validated file "3PZT_Repair_1_1.pdb" => successfully finished
validated file "3PZT_Repair_1_2.pdb" => successfully finished
validated file "3PZT_Repair_1_3.pdb" => successfully finished
validated file "3PZT_Repair_1_4.pdb" => successfully finished
validated file "3PZT_Repair_2_0.pdb" => successfully finished
validated file "3PZT_Repair_2_1.pdb" => successfully finished
validated file "3PZT_Repair_2_2.pdb" => successfully finished
validated file "3PZT_Repair_2_3.pdb" => successfully finished
validated file "3PZT_Repair_2_4.pdb" => successfully finished
validated file "3PZT_Repair_3_0.pdb" => successfully finished
validated file "3PZT_Repair_3_1.pdb" => successfully finished
validated file "3PZT_Repair_3_2.pdb" => successfully finished
validated file "3PZT_Repair_3_3.pdb" => successfully finished
validated file "3PZT_Repair_3_4.pdb" => successfully finished
validated file "3PZT_Repair_4_0.pdb" => successfully finished
validated file "3PZT_Repair_4_1.pdb" => successfully finished
validated file "3PZT_Repair_4_2.pdb" => successfully finished
validated file "3PZT_Repair_4_3.pdb" => successfully finished
validated file "3PZT_Repair_4_4.pdb" => successfully finished
validated file "3PZT_Repair_5_0.pdb" => successfully finished
validated file "3PZT_Repair_5_1.pdb" => successfully finished
validated file "3PZT_Repair_5_2.pdb" => successfully finished
validated file "3PZT_Repair_5_3.pdb" => successfully finished
validated file "3PZT_Repair_5_4.pdb" => successfully finished
validated file "3PZT_Repair_6_0.pdb" => successfully finished
validated file "3PZT_Repair_6_1.pdb" => successfully finished
validated file "3PZT_Repair_6_2.pdb" => successfully finished
validated file "3PZT_Repair_6_3.pdb" => successfully finished
validated file "3PZT_Repair_6_4.pdb" => successfully finished
validated file "3PZT_Repair_7_0.pdb" => successfully finished
validated file "3PZT_Repair_7_1.pdb" => successfully finished
validated file "3PZT_Repair_7_2.pdb" => successfully finished
validated file "3PZT_Repair_7_3.pdb" => successfully finished
validated file "3PZT_Repair_7_4.pdb" => successfully finished
validated file "3PZT_Repair_8_0.pdb" => successfully finished
validated file "3PZT_Repair_8_1.pdb" => successfully finished
validated file "3PZT_Repair_8_2.pdb" => successfully finished
validated file "3PZT_Repair_8_3.pdb" => successfully finished
validated file "3PZT_Repair_8_4.pdb" => successfully finished
validated file "3PZT_Repair_9_0.pdb" => successfully finished
validated file "3PZT_Repair_9_1.pdb" => successfully finished
validated file "3PZT_Repair_9_2.pdb" => successfully finished
validated file "3PZT_Repair_9_3.pdb" => successfully finished
validated file "3PZT_Repair_9_4.pdb" => successfully finished
Cleaning BuildModel...DONE
